MPLINK 5.09, LINKER
Linker Map File - Created Wed Oct 26 12:22:27 2022

                                 Section Info
                  Section       Type    Address   Location Size(Bytes)
                ---------  ---------  ---------  ---------  ---------
                   .org_0       code   0x000000    program   0x000060
                   .cinit    romdata   0x000030    program   0x000004
.config_2007_BUILD/DEFAULT/PRODUCTION/1521201       code   0x002007    program   0x000002



                              Program Memory Usage 
                               Start         End      
                           ---------   ---------      
                            0x000000    0x000031      
                            0x002007    0x002007      
            51 out of 8454 program addresses used, program memory utilization is 0%



                              Symbols - Sorted by Name
                     Name    Address   Location    Storage File                     
                ---------  ---------  ---------  --------- ---------                
               Delay250ms   0x000025    program     static C:\Users\Eren\MPLABXProjects\152120191064_152120201049_3.X\152120191064_152120201049_3.asm
     Delay250ms_InnerLoop   0x000029    program     static C:\Users\Eren\MPLABXProjects\152120191064_152120201049_3.X\152120191064_152120201049_3.asm
     Delay250ms_OuterLoop   0x000027    program     static C:\Users\Eren\MPLABXProjects\152120191064_152120201049_3.X\152120191064_152120201049_3.asm
              INNER_WHILE   0x000021    program     static C:\Users\Eren\MPLABXProjects\152120191064_152120201049_3.X\152120191064_152120201049_3.asm
                     LOOP   0x00002f    program     static C:\Users\Eren\MPLABXProjects\152120191064_152120201049_3.X\152120191064_152120201049_3.asm
               LOOP_BEGIN   0x00000e    program     static C:\Users\Eren\MPLABXProjects\152120191064_152120201049_3.X\152120191064_152120201049_3.asm
                LOOP_BODY   0x000012    program     static C:\Users\Eren\MPLABXProjects\152120191064_152120201049_3.X\152120191064_152120201049_3.asm
                 LOOP_END   0x000024    program     static C:\Users\Eren\MPLABXProjects\152120191064_152120201049_3.X\152120191064_152120201049_3.asm
             _.org_0_002F   0x00002f    program     static C:\Users\Eren\MPLABXProjects\152120191064_152120201049_3.X\152120191064_152120201049_3.asm
                     main   0x000006    program     static C:\Users\Eren\MPLABXProjects\152120191064_152120201049_3.X\152120191064_152120201049_3.asm



                              Symbols - Sorted by Address
                     Name    Address   Location    Storage File                     
                ---------  ---------  ---------  --------- ---------                
                     main   0x000006    program     static C:\Users\Eren\MPLABXProjects\152120191064_152120201049_3.X\152120191064_152120201049_3.asm
               LOOP_BEGIN   0x00000e    program     static C:\Users\Eren\MPLABXProjects\152120191064_152120201049_3.X\152120191064_152120201049_3.asm
                LOOP_BODY   0x000012    program     static C:\Users\Eren\MPLABXProjects\152120191064_152120201049_3.X\152120191064_152120201049_3.asm
              INNER_WHILE   0x000021    program     static C:\Users\Eren\MPLABXProjects\152120191064_152120201049_3.X\152120191064_152120201049_3.asm
                 LOOP_END   0x000024    program     static C:\Users\Eren\MPLABXProjects\152120191064_152120201049_3.X\152120191064_152120201049_3.asm
               Delay250ms   0x000025    program     static C:\Users\Eren\MPLABXProjects\152120191064_152120201049_3.X\152120191064_152120201049_3.asm
     Delay250ms_OuterLoop   0x000027    program     static C:\Users\Eren\MPLABXProjects\152120191064_152120201049_3.X\152120191064_152120201049_3.asm
     Delay250ms_InnerLoop   0x000029    program     static C:\Users\Eren\MPLABXProjects\152120191064_152120201049_3.X\152120191064_152120201049_3.asm
                     LOOP   0x00002f    program     static C:\Users\Eren\MPLABXProjects\152120191064_152120201049_3.X\152120191064_152120201049_3.asm
             _.org_0_002F   0x00002f    program     static C:\Users\Eren\MPLABXProjects\152120191064_152120201049_3.X\152120191064_152120201049_3.asm


